// Jest Snapshot v1, https://goo.gl/fbAQLP

exports[`Sign up Component should render without crushing 1`] = `
<div
  className="wrapper"
>
  <Header />
  <div
    className="wrapper__login_register border-round-lg"
  >
    <h3>
      Create an account !
    </h3>
    <form
      className="wrapper__login_register__form"
      onSubmit={[Function]}
    >
      <input
        className="wrapper__login_register__form__input"
        name="username"
        onChange={[Function]}
        placeholder="USERNAME"
        required={true}
        type="text"
        value=""
      />
      <input
        className="wrapper__login_register__form__input"
        name="email"
        onChange={[Function]}
        placeholder="EMAIL ADDRESS"
        required={true}
        type="email"
        value=""
      />
      <input
        className="wrapper__login_register__form__input"
        name="password"
        onChange={[Function]}
        placeholder="PASSWORD"
        required={true}
        type="password"
        value=""
      />
      <button
        className="wrapper__login_register__form__submit"
        name="signup"
        type="submit"
      >
        SIGNUP
      </button>
      <Link
        replace={false}
        to="/"
      >
         Click Here to Login
      </Link>
    </form>
  </div>
  <Footer />
</div>
`;
