// Jest Snapshot v1, https://goo.gl/fbAQLP

exports[`NavBar should render without crashing 1`] = `
<div
  className="menu"
>
  <ul
    className="menu__list "
  >
    <li>
      <NavLink
        activeClassName="menu__list__item__active"
        aria-current="page"
        className="menu__list__item"
        exact={true}
        to="/createIncident"
      >
        <i
          className="fa fa-plus"
        />
         
        Create Incident
      </NavLink>
    </li>
    <li>
      <NavLink
        activeClassName="menu__list__item__active"
        aria-current="page"
        className="menu__list__item"
        exact={true}
        to="/red-flags"
      >
        <i
          className="fa fa-flag"
        />
         
        Redflags
      </NavLink>
    </li>
    <li>
      <NavLink
        activeClassName="menu__list__item__active"
        aria-current="page"
        className="menu__list__item"
        exact={true}
        to="/interventions"
      >
        <i
          className="fa fa-drafting-compass"
        />
         
        Interventions
      </NavLink>
    </li>
    <li>
      <NavLink
        activeClassName="menu__list__item__active"
        aria-current="page"
        className="menu__list__item"
        data-test="logout"
        exact={true}
        onClick={[Function]}
        to="/"
      >
        <i
          className="fa fa-unlock"
        />
         
        logout
      </NavLink>
    </li>
  </ul>
</div>
`;
