// Jest Snapshot v1, https://goo.gl/fbAQLP

exports[`CreateIncident Component should render without crushing 1`] = `
<Root>
  <h3
    className="text-blue bd_line_bottom"
  >
    New Incident Record
  </h3>
  <form
    className="incident__form"
    onSubmit={[Function]}
  >
    <span
      className="incident__form__label"
    >
      Type of Incident : 
    </span>
    <select
      className="incident__form__input"
      name="incidentType"
      onChange={[Function]}
      required={true}
      value=""
    >
      <option
        value=""
      >
        Please Select Incident type
      </option>
      <option
        value="red-flag"
      >
        Red-flag
      </option>
      <option
        value="intervention"
      >
        Intervention
      </option>
    </select>
    <span
      className="incident__form__label"
    >
      Title
    </span>
    <input
      className="incident__form__input"
      name="title"
      onChange={[Function]}
      placeholder="What the incident is about ?"
      required={true}
      type="text"
      value=""
    />
    <span
      className="incident__form__label"
    >
      Comment 
    </span>
    <Quill
      className="incident__form__input"
      id="commentWys"
      modules={Object {}}
      onChange={[Function]}
      theme="snow"
      value=""
    />
    <IncidentMap
      handleMapClick={[Function]}
      hasLocation={false}
      latlng={
        Object {
          "lat": 0.3428767,
          "lng": 32.5915189,
        }
      }
      mapClassName="incident__form__map"
      mapReference={
        Object {
          "current": null,
        }
      }
    />
    <div
      className="incident__form__footer"
    >
      <div
        className="incident__form__footer__message"
      />
      <button
        className="btn bg-green text-white "
        type="submit"
      >
        Add Incident Record
         
      </button>
    </div>
  </form>
</Root>
`;
