// Jest Snapshot v1, https://goo.gl/fbAQLP

exports[`CreateIncident Component should render without crushing 1`] = `
<Root>
  <h3
    className="text-blue bd_line_bottom"
  >
    View Incident Record Details
  </h3>
  <div
    className="incident__card"
  />
  <div
    className="incident__card__header"
  >
    <h1
      className="incident__card__header__title"
    />
    <span
      className="incident__card__header__created_on"
    >
      Created On:
       
    </span>
  </div>
  <div
    className="incident__card-comment"
  />
  <div
    className="incident__card-map "
  />
  <div
    className="incident__card__footer"
  >
    <span
      className="incident__card-status"
    >
      status:
       
       
    </span>
    <span>
      Created by :
       
    </span>
  </div>
</Root>
`;
