// Jest Snapshot v1, https://goo.gl/fbAQLP

exports[`Login Component should render without crushing 1`] = `
<div
  className="wrapper"
>
  <div
    className="wrapper__login_register"
  >
    <form
      className="wrapper__login_register__form border-round-lg"
      onSubmit={[Function]}
    >
      <Header />
      <h3
        className="bd_line_bottom text-blue"
      >
        Login Here ! 
      </h3>
      <input
        className="wrapper__login_register__form__input"
        name="username"
        onChange={[Function]}
        placeholder="USERNAME"
        type="text"
        value=""
      />
      <input
        className="wrapper__login_register__form__input"
        name="password"
        onChange={[Function]}
        placeholder="PASSWORD"
        type="password"
        value=""
      />
      <button
        className="wrapper__login_register__form__submit btn"
        name="login"
        type="submit"
      >
        <i
          aria-hidden="true"
          className="fa fa-sign-in-alt"
        >
           
          Login
        </i>
      </button>
      <Link
        replace={false}
        to="/signup"
      >
         
        <i
          className="fa fa-user-plus"
        >
           Create an account
        </i>
      </Link>
      <Footer />
    </form>
  </div>
</div>
`;
